[0.692s] DEBUG:colcon:Command line arguments: ['/usr/bin/colcon', 'build']
[0.692s] DEBUG:colcon:Parsed command line arguments: Namespace(log_base=None, log_level=None, verb_name='build', build_base='build', install_base='install', merge_install=False, symlink_install=False, test_result_base=None, continue_on_error=False, executor='parallel', parallel_workers=16, event_handlers=None, ignore_user_meta=False, metas=['./colcon.meta'], base_paths=['.'], packages_ignore=None, packages_ignore_regex=None, paths=None, packages_up_to=None, packages_up_to_regex=None, packages_above=None, packages_above_and_dependencies=None, packages_above_depth=None, packages_select_by_dep=None, packages_skip_by_dep=None, packages_skip_up_to=None, packages_select_build_failed=False, packages_skip_build_finished=False, packages_select_test_failures=False, packages_skip_test_passed=False, packages_select=None, packages_skip=None, packages_select_regex=None, packages_skip_regex=None, packages_start=None, packages_end=None, allow_overriding=[], cmake_args=None, cmake_target=None, cmake_target_skip_unavailable=False, cmake_clean_cache=False, cmake_clean_first=False, cmake_force_configure=False, ament_cmake_args=None, catkin_cmake_args=None, catkin_skip_building_tests=False, mixin_files=None, mixin=None, verb_parser=<colcon_mixin.mixin.mixin_argument.MixinArgumentDecorator object at 0x7f653205ec50>, verb_extension=<colcon_core.verb.build.BuildVerb object at 0x7f653205e680>, main=<bound method BuildVerb.main of <colcon_core.verb.build.BuildVerb object at 0x7f653205e680>>, mixin_verb=('build',))
[1.199s] Level 1:colcon.colcon_core.package_discovery:discover_packages(colcon_meta) check parameters
[1.199s] Level 1:colcon.colcon_core.package_discovery:discover_packages(recursive) check parameters
[1.199s] Level 1:colcon.colcon_core.package_discovery:discover_packages(ignore) check parameters
[1.199s] Level 1:colcon.colcon_core.package_discovery:discover_packages(path) check parameters
[1.199s] Level 1:colcon.colcon_core.package_discovery:discover_packages(colcon_meta) discover
[1.199s] Level 1:colcon.colcon_core.package_discovery:discover_packages(recursive) discover
[1.199s] INFO:colcon.colcon_core.package_discovery:Crawling recursively for packages in '/home/tezz/qualitative-analysis-robotic-signal-components-ilp'
[1.199s] Level 1:colcon.colcon_core.package_identification:_identify(.) by extensions ['ignore', 'ignore_ament_install']
[1.199s] Level 1:colcon.colcon_core.package_identification:_identify(.) by extension 'ignore'
[1.199s] Level 1:colcon.colcon_core.package_identification:_identify(.) by extension 'ignore_ament_install'
[1.200s] Level 1:colcon.colcon_core.package_identification:_identify(.) by extensions ['colcon_pkg']
[1.200s] Level 1:colcon.colcon_core.package_identification:_identify(.) by extension 'colcon_pkg'
[1.200s] Level 1:colcon.colcon_core.package_identification:_identify(.) by extensions ['colcon_meta']
[1.200s] Level 1:colcon.colcon_core.package_identification:_identify(.) by extension 'colcon_meta'
[1.200s] Level 1:colcon.colcon_core.package_identification:_identify(.) by extensions ['ros']
[1.200s] Level 1:colcon.colcon_core.package_identification:_identify(.) by extension 'ros'
[1.224s] Level 1:colcon.colcon_core.package_identification:_identify(.) by extensions ['cmake', 'python']
[1.224s] Level 1:colcon.colcon_core.package_identification:_identify(.) by extension 'cmake'
[1.224s] Level 1:colcon.colcon_core.package_identification:_identify(.) by extension 'python'
[1.225s] Level 1:colcon.colcon_core.package_identification:_identify(.) by extensions ['python_setup_py']
[1.225s] Level 1:colcon.colcon_core.package_identification:_identify(.) by extension 'python_setup_py'
[1.225s] Level 1:colcon.colcon_core.package_identification:_identify(build) by extensions ['ignore', 'ignore_ament_install']
[1.225s] Level 1:colcon.colcon_core.package_identification:_identify(build) by extension 'ignore'
[1.225s] Level 1:colcon.colcon_core.package_identification:_identify(build) ignored
[1.225s] Level 1:colcon.colcon_core.package_identification:_identify(data) by extensions ['ignore', 'ignore_ament_install']
[1.225s] Level 1:colcon.colcon_core.package_identification:_identify(data) by extension 'ignore'
[1.225s] Level 1:colcon.colcon_core.package_identification:_identify(data) by extension 'ignore_ament_install'
[1.225s] Level 1:colcon.colcon_core.package_identification:_identify(data) by extensions ['colcon_pkg']
[1.225s] Level 1:colcon.colcon_core.package_identification:_identify(data) by extension 'colcon_pkg'
[1.225s] Level 1:colcon.colcon_core.package_identification:_identify(data) by extensions ['colcon_meta']
[1.225s] Level 1:colcon.colcon_core.package_identification:_identify(data) by extension 'colcon_meta'
[1.225s] Level 1:colcon.colcon_core.package_identification:_identify(data) by extensions ['ros']
[1.225s] Level 1:colcon.colcon_core.package_identification:_identify(data) by extension 'ros'
[1.225s] Level 1:colcon.colcon_core.package_identification:_identify(data) by extensions ['cmake', 'python']
[1.225s] Level 1:colcon.colcon_core.package_identification:_identify(data) by extension 'cmake'
[1.225s] Level 1:colcon.colcon_core.package_identification:_identify(data) by extension 'python'
[1.225s] Level 1:colcon.colcon_core.package_identification:_identify(data) by extensions ['python_setup_py']
[1.225s] Level 1:colcon.colcon_core.package_identification:_identify(data) by extension 'python_setup_py'
[1.225s] Level 1:colcon.colcon_core.package_identification:_identify(data/processed) by extensions ['ignore', 'ignore_ament_install']
[1.225s] Level 1:colcon.colcon_core.package_identification:_identify(data/processed) by extension 'ignore'
[1.225s] Level 1:colcon.colcon_core.package_identification:_identify(data/processed) by extension 'ignore_ament_install'
[1.225s] Level 1:colcon.colcon_core.package_identification:_identify(data/processed) by extensions ['colcon_pkg']
[1.225s] Level 1:colcon.colcon_core.package_identification:_identify(data/processed) by extension 'colcon_pkg'
[1.225s] Level 1:colcon.colcon_core.package_identification:_identify(data/processed) by extensions ['colcon_meta']
[1.226s] Level 1:colcon.colcon_core.package_identification:_identify(data/processed) by extension 'colcon_meta'
[1.226s] Level 1:colcon.colcon_core.package_identification:_identify(data/processed) by extensions ['ros']
[1.226s] Level 1:colcon.colcon_core.package_identification:_identify(data/processed) by extension 'ros'
[1.226s] Level 1:colcon.colcon_core.package_identification:_identify(data/processed) by extensions ['cmake', 'python']
[1.226s] Level 1:colcon.colcon_core.package_identification:_identify(data/processed) by extension 'cmake'
[1.226s] Level 1:colcon.colcon_core.package_identification:_identify(data/processed) by extension 'python'
[1.226s] Level 1:colcon.colcon_core.package_identification:_identify(data/processed) by extensions ['python_setup_py']
[1.226s] Level 1:colcon.colcon_core.package_identification:_identify(data/processed) by extension 'python_setup_py'
[1.226s] Level 1:colcon.colcon_core.package_identification:_identify(data/processed/csv) by extensions ['ignore', 'ignore_ament_install']
[1.226s] Level 1:colcon.colcon_core.package_identification:_identify(data/processed/csv) by extension 'ignore'
[1.226s] Level 1:colcon.colcon_core.package_identification:_identify(data/processed/csv) by extension 'ignore_ament_install'
[1.226s] Level 1:colcon.colcon_core.package_identification:_identify(data/processed/csv) by extensions ['colcon_pkg']
[1.226s] Level 1:colcon.colcon_core.package_identification:_identify(data/processed/csv) by extension 'colcon_pkg'
[1.226s] Level 1:colcon.colcon_core.package_identification:_identify(data/processed/csv) by extensions ['colcon_meta']
[1.226s] Level 1:colcon.colcon_core.package_identification:_identify(data/processed/csv) by extension 'colcon_meta'
[1.226s] Level 1:colcon.colcon_core.package_identification:_identify(data/processed/csv) by extensions ['ros']
[1.226s] Level 1:colcon.colcon_core.package_identification:_identify(data/processed/csv) by extension 'ros'
[1.226s] Level 1:colcon.colcon_core.package_identification:_identify(data/processed/csv) by extensions ['cmake', 'python']
[1.226s] Level 1:colcon.colcon_core.package_identification:_identify(data/processed/csv) by extension 'cmake'
[1.226s] Level 1:colcon.colcon_core.package_identification:_identify(data/processed/csv) by extension 'python'
[1.226s] Level 1:colcon.colcon_core.package_identification:_identify(data/processed/csv) by extensions ['python_setup_py']
[1.226s] Level 1:colcon.colcon_core.package_identification:_identify(data/processed/csv) by extension 'python_setup_py'
[1.226s] Level 1:colcon.colcon_core.package_identification:_identify(data/raw) by extensions ['ignore', 'ignore_ament_install']
[1.226s] Level 1:colcon.colcon_core.package_identification:_identify(data/raw) by extension 'ignore'
[1.226s] Level 1:colcon.colcon_core.package_identification:_identify(data/raw) by extension 'ignore_ament_install'
[1.226s] Level 1:colcon.colcon_core.package_identification:_identify(data/raw) by extensions ['colcon_pkg']
[1.226s] Level 1:colcon.colcon_core.package_identification:_identify(data/raw) by extension 'colcon_pkg'
[1.226s] Level 1:colcon.colcon_core.package_identification:_identify(data/raw) by extensions ['colcon_meta']
[1.226s] Level 1:colcon.colcon_core.package_identification:_identify(data/raw) by extension 'colcon_meta'
[1.227s] Level 1:colcon.colcon_core.package_identification:_identify(data/raw) by extensions ['ros']
[1.227s] Level 1:colcon.colcon_core.package_identification:_identify(data/raw) by extension 'ros'
[1.227s] Level 1:colcon.colcon_core.package_identification:_identify(data/raw) by extensions ['cmake', 'python']
[1.227s] Level 1:colcon.colcon_core.package_identification:_identify(data/raw) by extension 'cmake'
[1.227s] Level 1:colcon.colcon_core.package_identification:_identify(data/raw) by extension 'python'
[1.227s] Level 1:colcon.colcon_core.package_identification:_identify(data/raw) by extensions ['python_setup_py']
[1.227s] Level 1:colcon.colcon_core.package_identification:_identify(data/raw) by extension 'python_setup_py'
[1.227s] Level 1:colcon.colcon_core.package_identification:_identify(data/raw/rosbags) by extensions ['ignore', 'ignore_ament_install']
[1.227s] Level 1:colcon.colcon_core.package_identification:_identify(data/raw/rosbags) by extension 'ignore'
[1.227s] Level 1:colcon.colcon_core.package_identification:_identify(data/raw/rosbags) by extension 'ignore_ament_install'
[1.227s] Level 1:colcon.colcon_core.package_identification:_identify(data/raw/rosbags) by extensions ['colcon_pkg']
[1.227s] Level 1:colcon.colcon_core.package_identification:_identify(data/raw/rosbags) by extension 'colcon_pkg'
[1.227s] Level 1:colcon.colcon_core.package_identification:_identify(data/raw/rosbags) by extensions ['colcon_meta']
[1.227s] Level 1:colcon.colcon_core.package_identification:_identify(data/raw/rosbags) by extension 'colcon_meta'
[1.227s] Level 1:colcon.colcon_core.package_identification:_identify(data/raw/rosbags) by extensions ['ros']
[1.227s] Level 1:colcon.colcon_core.package_identification:_identify(data/raw/rosbags) by extension 'ros'
[1.227s] Level 1:colcon.colcon_core.package_identification:_identify(data/raw/rosbags) by extensions ['cmake', 'python']
[1.227s] Level 1:colcon.colcon_core.package_identification:_identify(data/raw/rosbags) by extension 'cmake'
[1.227s] Level 1:colcon.colcon_core.package_identification:_identify(data/raw/rosbags) by extension 'python'
[1.227s] Level 1:colcon.colcon_core.package_identification:_identify(data/raw/rosbags) by extensions ['python_setup_py']
[1.227s] Level 1:colcon.colcon_core.package_identification:_identify(data/raw/rosbags) by extension 'python_setup_py'
[1.227s] Level 1:colcon.colcon_core.package_identification:_identify(data/raw/rosbags/rosbag2_2026_02_21-13_05_45) by extensions ['ignore', 'ignore_ament_install']
[1.227s] Level 1:colcon.colcon_core.package_identification:_identify(data/raw/rosbags/rosbag2_2026_02_21-13_05_45) by extension 'ignore'
[1.227s] Level 1:colcon.colcon_core.package_identification:_identify(data/raw/rosbags/rosbag2_2026_02_21-13_05_45) by extension 'ignore_ament_install'
[1.227s] Level 1:colcon.colcon_core.package_identification:_identify(data/raw/rosbags/rosbag2_2026_02_21-13_05_45) by extensions ['colcon_pkg']
[1.227s] Level 1:colcon.colcon_core.package_identification:_identify(data/raw/rosbags/rosbag2_2026_02_21-13_05_45) by extension 'colcon_pkg'
[1.227s] Level 1:colcon.colcon_core.package_identification:_identify(data/raw/rosbags/rosbag2_2026_02_21-13_05_45) by extensions ['colcon_meta']
[1.227s] Level 1:colcon.colcon_core.package_identification:_identify(data/raw/rosbags/rosbag2_2026_02_21-13_05_45) by extension 'colcon_meta'
[1.228s] Level 1:colcon.colcon_core.package_identification:_identify(data/raw/rosbags/rosbag2_2026_02_21-13_05_45) by extensions ['ros']
[1.228s] Level 1:colcon.colcon_core.package_identification:_identify(data/raw/rosbags/rosbag2_2026_02_21-13_05_45) by extension 'ros'
[1.228s] Level 1:colcon.colcon_core.package_identification:_identify(data/raw/rosbags/rosbag2_2026_02_21-13_05_45) by extensions ['cmake', 'python']
[1.228s] Level 1:colcon.colcon_core.package_identification:_identify(data/raw/rosbags/rosbag2_2026_02_21-13_05_45) by extension 'cmake'
[1.228s] Level 1:colcon.colcon_core.package_identification:_identify(data/raw/rosbags/rosbag2_2026_02_21-13_05_45) by extension 'python'
[1.228s] Level 1:colcon.colcon_core.package_identification:_identify(data/raw/rosbags/rosbag2_2026_02_21-13_05_45) by extensions ['python_setup_py']
[1.228s] Level 1:colcon.colcon_core.package_identification:_identify(data/raw/rosbags/rosbag2_2026_02_21-13_05_45) by extension 'python_setup_py'
[1.228s] Level 1:colcon.colcon_core.package_identification:_identify(install) by extensions ['ignore', 'ignore_ament_install']
[1.228s] Level 1:colcon.colcon_core.package_identification:_identify(install) by extension 'ignore'
[1.228s] Level 1:colcon.colcon_core.package_identification:_identify(install) ignored
[1.228s] Level 1:colcon.colcon_core.package_identification:_identify(log) by extensions ['ignore', 'ignore_ament_install']
[1.228s] Level 1:colcon.colcon_core.package_identification:_identify(log) by extension 'ignore'
[1.228s] Level 1:colcon.colcon_core.package_identification:_identify(log) ignored
[1.228s] Level 1:colcon.colcon_core.package_identification:_identify(outputs) by extensions ['ignore', 'ignore_ament_install']
[1.228s] Level 1:colcon.colcon_core.package_identification:_identify(outputs) by extension 'ignore'
[1.228s] Level 1:colcon.colcon_core.package_identification:_identify(outputs) by extension 'ignore_ament_install'
[1.228s] Level 1:colcon.colcon_core.package_identification:_identify(outputs) by extensions ['colcon_pkg']
[1.228s] Level 1:colcon.colcon_core.package_identification:_identify(outputs) by extension 'colcon_pkg'
[1.228s] Level 1:colcon.colcon_core.package_identification:_identify(outputs) by extensions ['colcon_meta']
[1.228s] Level 1:colcon.colcon_core.package_identification:_identify(outputs) by extension 'colcon_meta'
[1.228s] Level 1:colcon.colcon_core.package_identification:_identify(outputs) by extensions ['ros']
[1.228s] Level 1:colcon.colcon_core.package_identification:_identify(outputs) by extension 'ros'
[1.228s] Level 1:colcon.colcon_core.package_identification:_identify(outputs) by extensions ['cmake', 'python']
[1.228s] Level 1:colcon.colcon_core.package_identification:_identify(outputs) by extension 'cmake'
[1.228s] Level 1:colcon.colcon_core.package_identification:_identify(outputs) by extension 'python'
[1.228s] Level 1:colcon.colcon_core.package_identification:_identify(outputs) by extensions ['python_setup_py']
[1.228s] Level 1:colcon.colcon_core.package_identification:_identify(outputs) by extension 'python_setup_py'
[1.229s] Level 1:colcon.colcon_core.package_identification:_identify(outputs/plots) by extensions ['ignore', 'ignore_ament_install']
[1.229s] Level 1:colcon.colcon_core.package_identification:_identify(outputs/plots) by extension 'ignore'
[1.229s] Level 1:colcon.colcon_core.package_identification:_identify(outputs/plots) by extension 'ignore_ament_install'
[1.229s] Level 1:colcon.colcon_core.package_identification:_identify(outputs/plots) by extensions ['colcon_pkg']
[1.229s] Level 1:colcon.colcon_core.package_identification:_identify(outputs/plots) by extension 'colcon_pkg'
[1.229s] Level 1:colcon.colcon_core.package_identification:_identify(outputs/plots) by extensions ['colcon_meta']
[1.229s] Level 1:colcon.colcon_core.package_identification:_identify(outputs/plots) by extension 'colcon_meta'
[1.229s] Level 1:colcon.colcon_core.package_identification:_identify(outputs/plots) by extensions ['ros']
[1.229s] Level 1:colcon.colcon_core.package_identification:_identify(outputs/plots) by extension 'ros'
[1.229s] Level 1:colcon.colcon_core.package_identification:_identify(outputs/plots) by extensions ['cmake', 'python']
[1.229s] Level 1:colcon.colcon_core.package_identification:_identify(outputs/plots) by extension 'cmake'
[1.229s] Level 1:colcon.colcon_core.package_identification:_identify(outputs/plots) by extension 'python'
[1.229s] Level 1:colcon.colcon_core.package_identification:_identify(outputs/plots) by extensions ['python_setup_py']
[1.229s] Level 1:colcon.colcon_core.package_identification:_identify(outputs/plots) by extension 'python_setup_py'
[1.229s] Level 1:colcon.colcon_core.package_identification:_identify(scripts) by extensions ['ignore', 'ignore_ament_install']
[1.229s] Level 1:colcon.colcon_core.package_identification:_identify(scripts) by extension 'ignore'
[1.229s] Level 1:colcon.colcon_core.package_identification:_identify(scripts) by extension 'ignore_ament_install'
[1.229s] Level 1:colcon.colcon_core.package_identification:_identify(scripts) by extensions ['colcon_pkg']
[1.229s] Level 1:colcon.colcon_core.package_identification:_identify(scripts) by extension 'colcon_pkg'
[1.229s] Level 1:colcon.colcon_core.package_identification:_identify(scripts) by extensions ['colcon_meta']
[1.229s] Level 1:colcon.colcon_core.package_identification:_identify(scripts) by extension 'colcon_meta'
[1.229s] Level 1:colcon.colcon_core.package_identification:_identify(scripts) by extensions ['ros']
[1.229s] Level 1:colcon.colcon_core.package_identification:_identify(scripts) by extension 'ros'
[1.229s] Level 1:colcon.colcon_core.package_identification:_identify(scripts) by extensions ['cmake', 'python']
[1.229s] Level 1:colcon.colcon_core.package_identification:_identify(scripts) by extension 'cmake'
[1.229s] Level 1:colcon.colcon_core.package_identification:_identify(scripts) by extension 'python'
[1.229s] Level 1:colcon.colcon_core.package_identification:_identify(scripts) by extensions ['python_setup_py']
[1.229s] Level 1:colcon.colcon_core.package_identification:_identify(scripts) by extension 'python_setup_py'
[1.230s] Level 1:colcon.colcon_core.package_identification:_identify(scripts/analysis) by extensions ['ignore', 'ignore_ament_install']
[1.230s] Level 1:colcon.colcon_core.package_identification:_identify(scripts/analysis) by extension 'ignore'
[1.230s] Level 1:colcon.colcon_core.package_identification:_identify(scripts/analysis) by extension 'ignore_ament_install'
[1.230s] Level 1:colcon.colcon_core.package_identification:_identify(scripts/analysis) by extensions ['colcon_pkg']
[1.230s] Level 1:colcon.colcon_core.package_identification:_identify(scripts/analysis) by extension 'colcon_pkg'
[1.230s] Level 1:colcon.colcon_core.package_identification:_identify(scripts/analysis) by extensions ['colcon_meta']
[1.230s] Level 1:colcon.colcon_core.package_identification:_identify(scripts/analysis) by extension 'colcon_meta'
[1.230s] Level 1:colcon.colcon_core.package_identification:_identify(scripts/analysis) by extensions ['ros']
[1.230s] Level 1:colcon.colcon_core.package_identification:_identify(scripts/analysis) by extension 'ros'
[1.230s] Level 1:colcon.colcon_core.package_identification:_identify(scripts/analysis) by extensions ['cmake', 'python']
[1.230s] Level 1:colcon.colcon_core.package_identification:_identify(scripts/analysis) by extension 'cmake'
[1.230s] Level 1:colcon.colcon_core.package_identification:_identify(scripts/analysis) by extension 'python'
[1.230s] Level 1:colcon.colcon_core.package_identification:_identify(scripts/analysis) by extensions ['python_setup_py']
[1.230s] Level 1:colcon.colcon_core.package_identification:_identify(scripts/analysis) by extension 'python_setup_py'
[1.230s] Level 1:colcon.colcon_core.package_identification:_identify(scripts/preprocessing) by extensions ['ignore', 'ignore_ament_install']
[1.230s] Level 1:colcon.colcon_core.package_identification:_identify(scripts/preprocessing) by extension 'ignore'
[1.230s] Level 1:colcon.colcon_core.package_identification:_identify(scripts/preprocessing) by extension 'ignore_ament_install'
[1.230s] Level 1:colcon.colcon_core.package_identification:_identify(scripts/preprocessing) by extensions ['colcon_pkg']
[1.230s] Level 1:colcon.colcon_core.package_identification:_identify(scripts/preprocessing) by extension 'colcon_pkg'
[1.230s] Level 1:colcon.colcon_core.package_identification:_identify(scripts/preprocessing) by extensions ['colcon_meta']
[1.230s] Level 1:colcon.colcon_core.package_identification:_identify(scripts/preprocessing) by extension 'colcon_meta'
[1.230s] Level 1:colcon.colcon_core.package_identification:_identify(scripts/preprocessing) by extensions ['ros']
[1.230s] Level 1:colcon.colcon_core.package_identification:_identify(scripts/preprocessing) by extension 'ros'
[1.230s] Level 1:colcon.colcon_core.package_identification:_identify(scripts/preprocessing) by extensions ['cmake', 'python']
[1.230s] Level 1:colcon.colcon_core.package_identification:_identify(scripts/preprocessing) by extension 'cmake'
[1.230s] Level 1:colcon.colcon_core.package_identification:_identify(scripts/preprocessing) by extension 'python'
[1.230s] Level 1:colcon.colcon_core.package_identification:_identify(scripts/preprocessing) by extensions ['python_setup_py']
[1.230s] Level 1:colcon.colcon_core.package_identification:_identify(scripts/preprocessing) by extension 'python_setup_py'
[1.230s] Level 1:colcon.colcon_core.package_discovery:discover_packages(recursive) using defaults
[1.230s] Level 1:colcon.colcon_core.package_discovery:discover_packages(ignore) discover
[1.230s] Level 1:colcon.colcon_core.package_discovery:discover_packages(ignore) using defaults
[1.230s] Level 1:colcon.colcon_core.package_discovery:discover_packages(path) discover
[1.231s] Level 1:colcon.colcon_core.package_discovery:discover_packages(path) using defaults
[1.303s] Level 1:colcon.colcon_core.package_discovery:discover_packages(prefix_path) check parameters
[1.303s] Level 1:colcon.colcon_core.package_discovery:discover_packages(prefix_path) discover
[1.311s] DEBUG:colcon.colcon_installed_package_information.package_discovery:Found 359 installed packages in /opt/ros/humble
[1.312s] Level 1:colcon.colcon_core.package_discovery:discover_packages(prefix_path) using defaults
[1.347s] INFO:colcon.colcon_core.executor:Executing jobs using 'parallel' executor
[1.348s] DEBUG:colcon.colcon_parallel_executor.executor.parallel:run_until_complete
[1.348s] DEBUG:colcon.colcon_parallel_executor.executor.parallel:closing loop
[1.348s] DEBUG:colcon.colcon_parallel_executor.executor.parallel:loop closed
[1.348s] DEBUG:colcon.colcon_parallel_executor.executor.parallel:run_until_complete finished with '0'
[1.348s] DEBUG:colcon.colcon_core.event_reactor:joining thread
[1.355s] INFO:colcon.colcon_core.plugin_system:Skipping extension 'colcon_notification.desktop_notification.terminal_notifier': Not used on non-Darwin systems
[1.355s] INFO:colcon.colcon_core.plugin_system:Skipping extension 'colcon_notification.desktop_notification.win32': Not used on non-Windows systems
[1.355s] INFO:colcon.colcon_notification.desktop_notification:Sending desktop notification using 'notify2'
[1.367s] DEBUG:colcon.colcon_core.event_reactor:joined thread
[1.380s] INFO:colcon.colcon_core.plugin_system:Skipping extension 'colcon_core.shell.bat': Not used on non-Windows systems
[1.380s] INFO:colcon.colcon_core.shell:Creating prefix script '/home/tezz/qualitative-analysis-robotic-signal-components-ilp/install/local_setup.ps1'
[1.382s] INFO:colcon.colcon_core.shell:Creating prefix util module '/home/tezz/qualitative-analysis-robotic-signal-components-ilp/install/_local_setup_util_ps1.py'
[1.384s] INFO:colcon.colcon_core.shell:Creating prefix chain script '/home/tezz/qualitative-analysis-robotic-signal-components-ilp/install/setup.ps1'
[1.386s] INFO:colcon.colcon_core.shell:Creating prefix script '/home/tezz/qualitative-analysis-robotic-signal-components-ilp/install/local_setup.sh'
[1.387s] INFO:colcon.colcon_core.shell:Creating prefix util module '/home/tezz/qualitative-analysis-robotic-signal-components-ilp/install/_local_setup_util_sh.py'
[1.387s] INFO:colcon.colcon_core.shell:Creating prefix chain script '/home/tezz/qualitative-analysis-robotic-signal-components-ilp/install/setup.sh'
[1.388s] INFO:colcon.colcon_core.shell:Creating prefix script '/home/tezz/qualitative-analysis-robotic-signal-components-ilp/install/local_setup.bash'
[1.390s] INFO:colcon.colcon_core.shell:Creating prefix chain script '/home/tezz/qualitative-analysis-robotic-signal-components-ilp/install/setup.bash'
[1.391s] INFO:colcon.colcon_core.shell:Creating prefix script '/home/tezz/qualitative-analysis-robotic-signal-components-ilp/install/local_setup.zsh'
[1.393s] INFO:colcon.colcon_core.shell:Creating prefix chain script '/home/tezz/qualitative-analysis-robotic-signal-components-ilp/install/setup.zsh'
